{
  "user1": {
    "Steps": [
      {
        "Name": "User 1 joins lobby",
        "Events": [
          {
            "EventName": "userJoined",
            "Data": {
              "avatar": "avatar1",
              "id": "id1",
              "name": "user1"
            }
          },
          {
            "EventName": "settingsUpdate",
            "Data": {
              "maxDistance": 4000,
              "priceMax": 800,
              "priceMin": 200,
              "tags": [],
              "userId": ""
            }
          },
          {
            "EventName": "settingsUpdate",
            "Data": {
              "maxDistance": 4000,
              "priceMax": 300,
              "priceMin": 300,
              "tags": [
                4
              ],
              "userId": "id1"
            }
          }
        ]
      },
      {
        "Name": "Start swipes",
        "Events": [
          {
            "EventName": "startSwipes",
            "Data": null
          }
        ]
      },
      {
        "Name": "User 2 joins lobby",
        "Events": [
          {
            "EventName": "userJoined",
            "Data": {
              "avatar": "avatar2",
              "id": "id2",
              "name": "user2"
            }
          }
        ]
      },
      {
        "Name": "Swipe both like",
        "Events": []
      },
      {
        "Name": "Both accepted match",
        "Events": [
          {
            "EventName": "finish",
            "Data": {
              "result": {
                "address": "Сытнинская ул., 4П, Санкт-Петербург",
                "description": "«Пловная» — это ресторан узбекской кухни, расположенный недалеко от Сытного рынка на Петроградской стороне. По словам посетителей, это одно из лучших мест в городе для тех, кто хочет попробовать настоящий узбекский плов.",
                "id": 1,
                "image": [
                  "https://avatars.mds.yandex.net/get-altay/10814540/2a0000018b5c49e5aa64362e66f0e493e1a9/XXXL"
                ],
                "location": {
                  "lat": 59.9505,
                  "lon": 30.2956
                },
                "priceAvg": 450,
                "reviewCount": 1000,
                "reviewRating": 4.5,
                "shortDescription": "Ресторан узбекской кухни",
                "tags": [
                  {
                    "icon": "cafe.png",
                    "id": 2,
                    "name": "cafe"
                  },
                  {
                    "icon": "food.png",
                    "id": 4,
                    "name": "food"
                  }
                ],
                "title": "Пловная",
                "updatedAt": "2024-09-08T19:15:15.958303Z"
              }
            }
          }
        ]
      },
      {
        "Name": "User 3 joins lobby",
        "Events": [
          {
            "EventName": "userJoined",
            "Data": {
              "avatar": "avatar3",
              "id": "id3",
              "name": "user3"
            }
          }
        ]
      }
    ]
  },
  "user2": {
    "Steps": [
      {
        "Name": "User 1 joins lobby",
        "Events": []
      },
      {
        "Name": "Start swipes",
        "Events": []
      },
      {
        "Name": "User 2 joins lobby",
        "Events": [
          {
            "EventName": "userJoined",
            "Data": {
              "avatar": "avatar1",
              "id": "id1",
              "name": "user1"
            }
          },
          {
            "EventName": "userJoined",
            "Data": {
              "avatar": "avatar2",
              "id": "id2",
              "name": "user2"
            }
          },
          {
            "EventName": "settingsUpdate",
            "Data": {
              "maxDistance": 4000,
              "priceMax": 600,
              "priceMin": 0,
              "tags": [
                4
              ],
              "userId": ""
            }
          },
          {
            "EventName": "startSwipes",
            "Data": null
          }
        ]
      },
      {
        "Name": "Swipe both like",
        "Events": []
      },
      {
        "Name": "Both accepted match",
        "Events": [
          {
            "EventName": "finish",
            "Data": {
              "result": {
                "address": "Сытнинская ул., 4П, Санкт-Петербург",
                "description": "«Пловная» — это ресторан узбекской кухни, расположенный недалеко от Сытного рынка на Петроградской стороне. По словам посетителей, это одно из лучших мест в городе для тех, кто хочет попробовать настоящий узбекский плов.",
                "id": 1,
                "image": [
                  "https://avatars.mds.yandex.net/get-altay/10814540/2a0000018b5c49e5aa64362e66f0e493e1a9/XXXL"
                ],
                "location": {
                  "lat": 59.9505,
                  "lon": 30.2956
                },
                "priceAvg": 450,
                "reviewCount": 1000,
                "reviewRating": 4.5,
                "shortDescription": "Ресторан узбекской кухни",
                "tags": [
                  {
                    "icon": "cafe.png",
                    "id": 2,
                    "name": "cafe"
                  },
                  {
                    "icon": "food.png",
                    "id": 4,
                    "name": "food"
                  }
                ],
                "title": "Пловная",
                "updatedAt": "2024-09-08T19:15:15.958303Z"
              }
            }
          }
        ]
      },
      {
        "Name": "User 3 joins lobby",
        "Events": [
          {
            "EventName": "userJoined",
            "Data": {
              "avatar": "avatar3",
              "id": "id3",
              "name": "user3"
            }
          }
        ]
      }
    ]
  },
  "user3": {
    "Steps": [
      {
        "Name": "User 1 joins lobby",
        "Events": []
      },
      {
        "Name": "Start swipes",
        "Events": []
      },
      {
        "Name": "User 2 joins lobby",
        "Events": []
      },
      {
        "Name": "Swipe both like",
        "Events": []
      },
      {
        "Name": "Both accepted match",
        "Events": []
      },
      {
        "Name": "User 3 joins lobby",
        "Events": [
          {
            "EventName": "userJoined",
            "Data": {
              "avatar": "avatar1",
              "id": "id1",
              "name": "user1"
            }
          },
          {
            "EventName": "userJoined",
            "Data": {
              "avatar": "avatar2",
              "id": "id2",
              "name": "user2"
            }
          },
          {
            "EventName": "userJoined",
            "Data": {
              "avatar": "avatar3",
              "id": "id3",
              "name": "user3"
            }
          },
          {
            "EventName": "settingsUpdate",
            "Data": {
              "maxDistance": 4000,
              "priceMax": 600,
              "priceMin": 0,
              "tags": [
                4
              ],
              "userId": ""
            }
          },
          {
            "EventName": "finish",
            "Data": {
              "result": {
                "address": "Сытнинская ул., 4П, Санкт-Петербург",
                "description": "«Пловная» — это ресторан узбекской кухни, расположенный недалеко от Сытного рынка на Петроградской стороне. По словам посетителей, это одно из лучших мест в городе для тех, кто хочет попробовать настоящий узбекский плов.",
                "id": 1,
                "image": [
                  "https://avatars.mds.yandex.net/get-altay/10814540/2a0000018b5c49e5aa64362e66f0e493e1a9/XXXL"
                ],
                "location": {
                  "lat": 59.9505,
                  "lon": 30.2956
                },
                "priceAvg": 450,
                "reviewCount": 1000,
                "reviewRating": 4.5,
                "shortDescription": "Ресторан узбекской кухни",
                "tags": [
                  {
                    "icon": "cafe.png",
                    "id": 2,
                    "name": "cafe"
                  },
                  {
                    "icon": "food.png",
                    "id": 4,
                    "name": "food"
                  }
                ],
                "title": "Пловная",
                "updatedAt": "2024-09-08T19:15:15.958303Z"
              }
            }
          }
        ]
      }
    ]
  }
}
