{
  "user1": {
    "Steps": [
      {
        "Name": "Joining lobby",
        "Events": [
          {
            "EventName": "userJoined",
            "Data": {
              "avatar": "avatar2",
              "id": "id2",
              "name": "user2"
            }
          }
        ]
      }
    ]
  },
  "user2": {
    "Steps": [
      {
        "Name": "Joining lobby",
        "Events": []
      }
    ]
  }
}
